
> bayon-finance@0.1.0 build
> next build

Γû▓ Next.js 16.1.1 (Turbopack)
- Environments: .env.local

  Creating an optimized production build ...
node.exe : Turbopack build encountered 1 warnings:
At line:1 char:1
+ & "C:\Program Files\nodejs/node.exe" "C:\Program 
Files\nodejs/node_mo ...
+ ~~~~~~~~~~~~~~~~~~~~~~~~~~~~~~~~~~~~~~~~~~~~~~~~~~~~~~~~~
~~~~~~~~~~~~
    + CategoryInfo          : NotSpecified: (Turbopack bui 
   ld encountered 1 warnings::String) [], RemoteException
    + FullyQualifiedErrorId : NativeCommandError
 
./src/app/api/upload_url/route.ts:60:14
Next.js can't recognize the exported `config` field in 
route. Page config in `config` is deprecated and ignored, 
use individual exports instead.
[0m [90m 58 |[39m
 [90m 59 |[39m [90m// Increase body size limit for file 
uploads (default is 1MB)[39m
[31m[1m>[22m[39m[90m 60 |[39m [36mexport[39m 
[36mconst[39m config [33m=[39m {
 [90m    |[39m              [31m[1m^[22m[39m[31m[1m
^[22m[39m[31m[1m^[22m[39m[31m[1m^[22m[39m[31m[1
m^[22m[39m[31m[1m^[22m[39m
 [90m 61 |[39m     api[33m:[39m {
 [90m 62 |[39m         bodyParser[33m:[39m 
[36mfalse[39m[33m,[39m
 [90m 63 |[39m     }[33m,[39m[0m

The exported configuration object in a source file needs 
to have a very specific format from which some properties 
can be statically parsed at compiled-time.

https://nextjs.org/docs/app/api-reference/file-conventions/
route-segment-config



> Build error occurred
Error: Turbopack build failed with 4 errors:
./src/app/patients/page.tsx:50:2
Parsing ecmascript source code failed
[0m [90m 48 |[39m             [33m<[39m[33mdiv[39m 
className[33m=[39m[32m"flex flex-col md:flex-row 
md:items-center justify-between gap-6 px-4"[39m[33m>[39m
 [90m 49 |[39m                 [33m<[39m[33mdiv[39m 
className[33m=[39m[32m"space-y-0.5"[39m[33m>[39m
[31m[1m>[22m[39m[90m 50 |[39m 
[33m<<[39m[33m<<[39m[33m<<[39m[33m<[39m 
[33mUpdated[39m upstream
 [90m    |[39m  [31m[1m^[22m[39m[31m[1m^[22m[39m
 [90m 51 |[39m                     
[33m<[39m[33mh1[39m className[33m=[39m[32m"text-4xl 
font-medium text-[#1B2559] 
tracking-tight"[39m[33m>[39m[33mPatient[39m [33mPortf
olio[39m[33m<[39m[33m/[39m[33mh1[39m[33m>[39m
 [90m 52 |[39m [33m===[39m[33m===[39m[33m=[39m
 [90m 53 |[39m                     
[33m<[39m[33mh1[39m className[33m=[39m[32m"text-4xl 
font-black text-[#1B2559] tracking-tight 
whitespace-nowrap"[39m[33m>[39m[33mPatient[39m [33mPo
rtfolio[39m[33m<[39m[33m/[39m[33mh1[39m[33m>[39m[
0m

Expression expected


./src/app/patients/page.tsx:50:4
Parsing ecmascript source code failed
[0m [90m 48 |[39m             [33m<[39m[33mdiv[39m 
className[33m=[39m[32m"flex flex-col md:flex-row 
md:items-center justify-between gap-6 px-4"[39m[33m>[39m
 [90m 49 |[39m                 [33m<[39m[33mdiv[39m 
className[33m=[39m[32m"space-y-0.5"[39m[33m>[39m
[31m[1m>[22m[39m[90m 50 |[39m 
[33m<<[39m[33m<<[39m[33m<<[39m[33m<[39m 
[33mUpdated[39m upstream
 [90m    |[39m    
[31m[1m^[22m[39m[31m[1m^[22m[39m
 [90m 51 |[39m                     
[33m<[39m[33mh1[39m className[33m=[39m[32m"text-4xl 
font-medium text-[#1B2559] 
tracking-tight"[39m[33m>[39m[33mPatient[39m [33mPortf
olio[39m[33m<[39m[33m/[39m[33mh1[39m[33m>[39m
 [90m 52 |[39m [33m===[39m[33m===[39m[33m=[39m
 [90m 53 |[39m                     
[33m<[39m[33mh1[39m className[33m=[39m[32m"text-4xl 
font-black text-[#1B2559] tracking-tight 
whitespace-nowrap"[39m[33m>[39m[33mPatient[39m [33mPo
rtfolio[39m[33m<[39m[33m/[39m[33mh1[39m[33m>[39m[
0m

Expression expected


./src/components/DailyReportModal.tsx:247:2
Parsing ecmascript source code failed
[0m [90m 245 |[39m                                     
[33m<[39m[33m/[39m[33mdiv[39m[33m>[39m
 [90m 246 |[39m
[31m[1m>[22m[39m[90m 247 |[39m 
[33m<<[39m[33m<<[39m[33m<<[39m[33m<[39m 
[33mUpdated[39m upstream
 [90m     |[39m  [31m[1m^[22m[39m[31m[1m^[22m[39m
 [90m 248 |[39m                                     
[33m<[39m[33mdiv[39m 
className[33m=[39m[32m"pt-4"[39m[33m>[39m
 [90m 249 |[39m                                         
[33m<[39m[33mp[39m 
className[33m=[39m[32m"text-[10px] font-medium 
text-black uppercase tracking-widest 
mb-1"[39m[33m>[39m[33mTotal[39m [33mIncome[39m[33m<
[39m[33m/[39m[33mp[39m[33m>[39m
 [90m 250 |[39m                                         
[33m<[39m[33mp[39m className[33m=[39m[32m"text-2xl 
font-medium text-black"[39m[33m>[39m${totalIncomeUsd[33
m.[39mtoLocaleString(undefined[33m,[39m { 
maximumFractionDigits[33m:[39m [35m2[39m 
})}[33m<[39m[33m/[39m[33mp[39m[33m>[39m[0m

Expression expected

Import traces:
  Client Component Browser:
    ./src/components/DailyReportModal.tsx [Client 
Component Browser]
    ./src/app/ledger/page.tsx [Client Component Browser]
    ./src/app/ledger/page.tsx [Server Component]

  Client Component SSR:
    ./src/components/DailyReportModal.tsx [Client 
Component SSR]
    ./src/app/ledger/page.tsx [Client Component SSR]
    ./src/app/ledger/page.tsx [Server Component]


./src/components/DailyReportModal.tsx:247:4
Parsing ecmascript source code failed
[0m [90m 245 |[39m                                     
[33m<[39m[33m/[39m[33mdiv[39m[33m>[39m
 [90m 246 |[39m
[31m[1m>[22m[39m[90m 247 |[39m 
[33m<<[39m[33m<<[39m[33m<<[39m[33m<[39m 
[33mUpdated[39m upstream
 [90m     |[39m    
[31m[1m^[22m[39m[31m[1m^[22m[39m
 [90m 248 |[39m                                     
[33m<[39m[33mdiv[39m 
className[33m=[39m[32m"pt-4"[39m[33m>[39m
 [90m 249 |[39m                                         
[33m<[39m[33mp[39m 
className[33m=[39m[32m"text-[10px] font-medium 
text-black uppercase tracking-widest 
mb-1"[39m[33m>[39m[33mTotal[39m [33mIncome[39m[33m<
[39m[33m/[39m[33mp[39m[33m>[39m
 [90m 250 |[39m                                         
[33m<[39m[33mp[39m className[33m=[39m[32m"text-2xl 
font-medium text-black"[39m[33m>[39m${totalIncomeUsd[33
m.[39mtoLocaleString(undefined[33m,[39m { 
maximumFractionDigits[33m:[39m [35m2[39m 
})}[33m<[39m[33m/[39m[33mp[39m[33m>[39m[0m

Expression expected

Import traces:
  Client Component Browser:
    ./src/components/DailyReportModal.tsx [Client 
Component Browser]
    ./src/app/ledger/page.tsx [Client Component Browser]
    ./src/app/ledger/page.tsx [Server Component]

  Client Component SSR:
    ./src/components/DailyReportModal.tsx [Client 
Component SSR]
    ./src/app/ledger/page.tsx [Client Component SSR]
    ./src/app/ledger/page.tsx [Server Component]


    at <unknown> (./src/app/patients/page.tsx:50:2)
    at <unknown> (./src/app/patients/page.tsx:50:4)
    at <unknown> 
(./src/components/DailyReportModal.tsx:247:2)
    at <unknown> 
(./src/components/DailyReportModal.tsx:247:4)
