
> bayon-finance@0.1.0 build
> next build

Γû▓ Next.js 16.1.1 (Turbopack)
- Environments: .env.local

  Creating an optimized production build ...
node.exe : Error: Cannot apply 
unknown utility class `glass`
At line:1 char:1
+ & "C:\Program 
Files\nodejs/node.exe" "C:\Program 
Files\nodejs/node_mo ...
+ ~~~~~~~~~~~~~~~~~~~~~~~~~~~~~~~~~~~~
~~~~~~~~~~~~~~~~~~~~~~~~~~~~~~~~~
    + CategoryInfo          : NotSpec 
   ified: (Error: Cannot a...y class  
   `glass`:String) [], RemoteExcept   
 ion
    + FullyQualifiedErrorId : NativeC 
   ommandError
 
    [2m[at onInvalidCandidate 
(C:\Users\Soms\Documents\Bayon Finance
\node_modules\tailwindcss\dist\lib.js:
21:1511)][0m
    [2m[at Te 
(C:\Users\Soms\Documents\Bayon Finance
\node_modules\tailwindcss\dist\lib.js:
16:36326)][0m
    [2m[at 
C:\Users\Soms\Documents\Bayon Finance\
node_modules\tailwindcss\dist\lib.js:2
1:355][0m
    [2m[at Rr 
(C:\Users\Soms\Documents\Bayon Finance
\node_modules\tailwindcss\dist\lib.js:
3:1718)][0m
    [2m[at _ 
(C:\Users\Soms\Documents\Bayon Finance
\node_modules\tailwindcss\dist\lib.js:
3:1377)][0m
    [2m[at $e 
(C:\Users\Soms\Documents\Bayon Finance
\node_modules\tailwindcss\dist\lib.js:
21:172)][0m
    [2m[at un 
(C:\Users\Soms\Documents\Bayon Finance
\node_modules\tailwindcss\dist\lib.js:
38:294)][0m
    [2m[at async cn 
(C:\Users\Soms\Documents\Bayon Finance
\node_modules\tailwindcss\dist\lib.js:
38:631)][0m
    [2m[at async Xr 
(C:\Users\Soms\Documents\Bayon Finance
\node_modules\@tailwindcss\node\dist\i
ndex.js:10:3417)][0m
    [2m[at async I 
(C:\Users\Soms\Documents\Bayon Finance
\node_modules\@tailwindcss\postcss\dis
t\index.js:10:3977)][0m

> Build error occurred
Error: Turbopack build failed with 1 
errors:
./src/app/globals.css
Error evaluating Node.js code
CssSyntaxError: tailwindcss: 
C:\Users\Soms\Documents\Bayon 
Finance\src\app\globals.css:1:1: 
Cannot apply unknown utility class 
`glass`
    at Input.error (node_modules/postc
ss/lib/input.js:135:16) 
[C:\Users\Soms\Documents\Bayon Finance
\.next\build\chunks\node_modules_fe693
df6._.js:4651:22]
    at Root.error (node_modules/postcs
s/lib/node.js:146:32) 
[C:\Users\Soms\Documents\Bayon Finance
\.next\build\chunks\node_modules_fe693
df6._.js:928:38]
    [at Object.Once 
(C:\Users\Soms\Documents\Bayon Finance
\node_modules\@tailwindcss\postcss\dis
t\index.js:10:6911)]
    at async LazyResult.runAsync (node
_modules/postcss/lib/lazy-result.js:29
3:11) [C:\Users\Soms\Documents\Bayon F
inance\.next\build\chunks\node_modules
_fe693df6._.js:6206:21]
    at async transform (turbopack:///[
turbopack-node]/transforms/postcss.ts:
70:34) [C:\Users\Soms\Documents\Bayon 
Finance\.next\build\chunks\[root-of-th
e-server]__51225daf._.js:146:36]
    at async run (turbopack:///[turbop
ack-node]/ipc/evaluate.ts:92:23) 
[C:\Users\Soms\Documents\Bayon Finance
\.next\build\chunks\[root-of-the-serve
r]__974941ed._.js:443:31]

Import trace:
  Client Component Browser:
    ./src/app/globals.css [Client 
Component Browser]
    ./src/app/layout.tsx [Server 
Component]


    at async transform (turbopack:///[
turbopack-node]/transforms/postcss.ts:
70:34) [C:\Users\Soms\Documents\Bayon 
Finance\.next\build\chunks\[root-of-th
e-server]__51225daf._.js:146:36])
    at async run (turbopack:///[turbop
ack-node]/ipc/evaluate.ts:92:23) 
[C:\Users\Soms\Documents\Bayon Finance
\.next\build\chunks\[root-of-the-serve
r]__974941ed._.js:443:31])
